ASxxxx Linker V03.00/V05.40 + sdld,  page 1.
Hexadecimal  [32-Bits]

Area                                    Addr        Size        Decimal Bytes (Attributes)
--------------------------------        ----        ----        ------- ----- ------------
.  .ABS.                            00000000    00000000 =           0. bytes (ABS,CON)

      Value  Global                              Global Defined In Module
      -----  --------------------------------   ------------------------
     00000000  .__.ABS.                           
     00000000  _rRAMG                             
     00000000  l__BASE                         
     00000000  l__BSS                          
     00000000  l__CABS                         
     00000000  l__CODE_0                       
     00000000  l__CRASH_HEADER                 
     00000000  l__CRASH_SCRATCH                
     00000000  l__DABS                         
     00000000  l__HEADER                       
     00000000  l__HEADER_LCD                   
     00000000  l__HEADER_SIO                   
     00000000  l__HEADER_TIMER                 
     00000000  l__HEAP                         
     00000000  l__HEAP_END                     
     00000000  l__HRAM                         
     00000000  l__LIT                          
     00000000  s__CABS                         
     00000000  s__CRASH_HEADER                 
     00000000  s__CRASH_HEADER0                
     00000000  s__CRASH_HEADER1                
     00000000  s__CRASH_SCRATCH                
     00000000  s__CRASH_SCRATCH2               
     00000000  s__DABS                         
     00000000  s__HEADER                       
     00000000  s__HEADER0                      
     00000000  s__HEADER1                      
     00000000  s__HEADER10                     
     00000000  s__HEADER11                     
     00000000  s__HEADER2                      
     00000000  s__HEADER3                      
     00000000  s__HEADER4                      
     00000000  s__HEADER5                      
     00000000  s__HEADER6                      
     00000000  s__HEADER7                      
     00000000  s__HEADER8                      
     00000000  s__HEADER9                      
     00000000  s__HEADER_LCD                   
     00000000  s__HEADER_LCD0                  
     00000000  s__HEADER_SIO                   
     00000000  s__HEADER_SIO0                  
     00000000  s__HEADER_TIMER                 
     00000000  s__HEADER_TIMER0                
     00000000  s__HEADERa                      
     00000000  s__HEADERb                      
     00000000  s__HEADERc                      
     00000000  s__HEADERd                      
     00000000  s__HEADERe                      
     00000000  s__HEADERf                      
     00000000  s__HRAM                         
ASxxxx Linker V03.00/V05.40 + sdld,  page 2.
Hexadecimal  [32-Bits]

Area                                    Addr        Size        Decimal Bytes (Attributes)
--------------------------------        ----        ----        ------- ----- ------------
.  .ABS.                            00000000    00000000 =           0. bytes (ABS,CON)

      Value  Global                              Global Defined In Module
      -----  --------------------------------   ------------------------
     00000000  s__HRAM12                       
     00000001  ___bank_ACTOR                      actor
     00000001  ___bank_VM_ACTOR                   vm_actor
     00000001  ___bank_VM_SGB                     vm_sgb
     00000001  ___bank_script_7                   script_7
     00000001  ___bank_script_input_6             script_input_6
     00000001  ___mute_mask_sound_legacy_0        sound_legacy_0
     00000001  ___mute_mask_sound_legacy_0_0      sound_legacy_0_0
     00000001  ___mute_mask_sound_legacy_0_1      sound_legacy_0_1
     00000001  ___mute_mask_sound_legacy_0_2      sound_legacy_0_2
     00000001  ___mute_mask_sound_legacy_0_4      sound_legacy_0_4
     00000001  ___mute_mask_sound_legacy_0_5      sound_legacy_0_5
     00000001  ___mute_mask_sound_legacy_0_7      sound_legacy_0_7
     00000001  ___mute_mask_sound_legacy_0_8      sound_legacy_0_8
     00000001  ___mute_mask_sound_legacy_0_9      sound_legacy_0_9
     00000001  b_activate_actor                   actor
     00000001  b_activate_actors_in_col           actor
     00000001  b_activate_actors_in_row           actor
     00000001  b_actor_at_tile                    actor
     00000001  b_actor_get_frame_offset           actor
     00000001  b_actor_in_front_of_player         actor
     00000001  b_actor_overlapping_bb             actor
     00000001  b_actor_overlapping_player         actor
     00000001  b_actor_set_anim_idle              actor
     00000001  b_actor_set_anim_moving            actor
     00000001  b_actor_set_dir                    actor
     00000001  b_actor_set_frame_offset           actor
     00000001  b_actor_set_frames                 actor
     00000001  b_actors_handle_player_collision   actor
     00000001  b_actors_init                      actor
     00000001  b_check_collision_in_direction     actor
     00000001  b_deactivate_actor                 actor
     00000001  b_itoa_fmt                         vm_ui_a
     00000001  b_player_init                      actor
     00000001  b_ui_draw_frame                    ui
     00000001  b_ui_draw_text_buffer_char         ui
     00000001  b_ui_init                          ui
     00000001  b_ui_load_tiles                    ui
     00000001  b_ui_run_menu                      ui
     00000001  b_ui_run_modal                     ui
     00000001  b_ui_set_start_tile                ui
     00000001  b_vm_actor_activate                vm_actor
     00000001  b_vm_actor_begin_update            vm_actor
     00000001  b_vm_actor_deactivate              vm_actor
     00000001  b_vm_actor_emote                   vm_actor
     00000001  b_vm_actor_get_angle               vm_actor
     00000001  b_vm_actor_get_anim_frame          vm_actor
     00000001  b_vm_actor_get_dir                 vm_actor
     00000001  b_vm_actor_get_pos                 vm_actor
     00000001  b_vm_actor_move_cancel             vm_actor
     00000001  b_vm_actor_move_to                 vm_actor
ASxxxx Linker V03.00/V05.40 + sdld,  page 3.
Hexadecimal  [32-Bits]

Area                                    Addr        Size        Decimal Bytes (Attributes)
--------------------------------        ----        ----        ------- ----- ------------
.  .ABS.                            00000000    00000000 =           0. bytes (ABS,CON)

      Value  Global                              Global Defined In Module
      -----  --------------------------------   ------------------------
     00000001  b_vm_actor_replace_tile            vm_actor
     00000001  b_vm_actor_set_anim                vm_actor
     00000001  b_vm_actor_set_anim_frame          vm_actor
     00000001  b_vm_actor_set_anim_set            vm_actor
     00000001  b_vm_actor_set_anim_tick           vm_actor
     00000001  b_vm_actor_set_bounds              vm_actor
     00000001  b_vm_actor_set_dir                 vm_actor
     00000001  b_vm_actor_set_flags               vm_actor
     00000001  b_vm_actor_set_move_speed          vm_actor
     00000001  b_vm_actor_set_pos                 vm_actor
     00000001  b_vm_actor_set_spritesheet         vm_actor
     00000001  b_vm_actor_set_spritesheet_by_re   vm_actor
     00000001  b_vm_actor_terminate_update        vm_actor
     00000001  l__GSFINAL                      
     00000001  l__HEADER0                      
     00000001  l__HEADER5                      
     00000001  l__HEADERa                      
     00000001  l__HEADERb                      
     00000001  l__HEADERc                      
     00000001  l__HEADERe                      
     00000001  l__HEADERf                      
     00000002  ___bank_VM_MAIN                    vm
     00000002  ___bank_font_gbs_mono              font_gbs_mono
     00000002  ___bank_scene_0_init               scene_0_init
     00000002  ___bank_script_11                  script_11
     00000002  ___bank_script_2                   script_2
     00000002  ___bank_sprite_eye_animated_bank   sprite_eye_animated_bank2_ti
     00000002  ___bank_trigger_21_interact        trigger_21_interact
     00000002  b_do_load_palette                  data_manager
     00000002  b_load_background                  data_manager
     00000002  b_load_bkg_tileset                 data_manager
     00000002  b_load_bounds                      data_manager
     00000002  b_load_emote                       data_manager
     00000002  b_load_init                        data_manager
     00000002  b_load_player                      data_manager
     00000002  b_load_scene                       data_manager
     00000002  b_load_sprite                      data_manager
     00000002  b_script_detach_hthread            vm
     00000002  b_script_execute                   vm
     00000002  b_script_runner_init               vm
     00000002  b_script_terminate                 vm
     00000002  b_vm_call                          vm
     00000002  b_vm_call_far                      vm
     00000002  b_vm_get_indirect                  vm
     00000002  b_vm_get_tlocal                    vm
     00000002  b_vm_idle                          vm
     00000002  b_vm_if                            vm
     00000002  b_vm_if_const                      vm
     00000002  b_vm_init_rng                      vm
     00000002  b_vm_invoke                        vm
     00000002  b_vm_join                          vm
ASxxxx Linker V03.00/V05.40 + sdld,  page 4.
Hexadecimal  [32-Bits]

Area                                    Addr        Size        Decimal Bytes (Attributes)
--------------------------------        ----        ----        ------- ----- ------------
.  .ABS.                            00000000    00000000 =           0. bytes (ABS,CON)

      Value  Global                              Global Defined In Module
      -----  --------------------------------   ------------------------
     00000002  b_vm_jump                          vm
     00000002  b_vm_lock                          vm
     00000002  b_vm_loop                          vm
     00000002  b_vm_memcpy                        vm
     00000002  b_vm_memset                        vm
     00000002  b_vm_poll_loaded                   vm
     00000002  b_vm_pop                           vm
     00000002  b_vm_push                          vm
     00000002  b_vm_push_reference                vm
     00000002  b_vm_push_value                    vm
     00000002  b_vm_push_value_ind                vm
     00000002  b_vm_raise                         vm
     00000002  b_vm_rand                          vm
     00000002  b_vm_reserve                       vm
     00000002  b_vm_ret                           vm
     00000002  b_vm_ret_far                       vm
     00000002  b_vm_set                           vm
     00000002  b_vm_set_const                     vm
     00000002  b_vm_set_indirect                  vm
     00000002  b_vm_terminate                     vm
     00000002  b_vm_test_terminate                vm
     00000002  b_vm_unlock                        vm
     00000002  b_wait_frames                      vm
     00000002  l__HEADER10                     
     00000002  l__HEADER6                      
     00000002  l__HEADERd                      
     00000003  ___bank_VM_UI                      vm_ui
     00000003  ___bank_bg_adosroom_battle_0_til   bg_adosroom_battle_0_tileset
     00000003  ___bank_bg_carri_logo_background   bg_carri_logo_background_til
     00000003  ___bank_bg_mainmenu_tileset        bg_mainmenu_tileset
     00000003  ___bank_bg_preamble_background2_   bg_preamble_background2_tile
     00000003  ___bank_bg_roomselect_tileset      bg_roomselect_tileset
     00000003  ___bank_bg_sodasroom1_tileset      bg_sodasroom1_tileset
     00000003  ___bank_scene_1_init               scene_1_init
     00000003  ___bank_scene_6_init               scene_6_init
     00000003  ___bank_script_5                   script_5
     00000003  b_vm_choice                        vm_ui
     00000003  b_vm_display_text                  vm_ui
     00000003  b_vm_overlay_clear                 vm_ui
     00000003  b_vm_overlay_move_to               vm_ui
     00000003  b_vm_overlay_scroll                vm_ui
     00000003  b_vm_overlay_set_map               vm_ui
     00000003  b_vm_overlay_set_scroll            vm_ui
     00000003  b_vm_overlay_set_submap            vm_ui
     00000003  b_vm_overlay_set_submap_ex         vm_ui
     00000003  b_vm_overlay_setpos                vm_ui
     00000003  b_vm_overlay_show                  vm_ui
     00000003  b_vm_overlay_wait                  vm_ui
     00000003  b_vm_set_font                      vm_ui
     00000003  b_vm_set_text_sound                vm_ui
     00000003  b_vm_switch_text_layer             vm_ui
ASxxxx Linker V03.00/V05.40 + sdld,  page 5.
Hexadecimal  [32-Bits]

Area                                    Addr        Size        Decimal Bytes (Attributes)
--------------------------------        ----        ----        ------- ----- ------------
.  .ABS.                            00000000    00000000 =           0. bytes (ABS,CON)

      Value  Global                              Global Defined In Module
      -----  --------------------------------   ------------------------
     00000003  l__HEADER9                      
     00000003  l__HEADER_LCD0                  
     00000003  l__HRAM12                       
     00000004  ___bank_VM_GAMEBOY                 vm_gameboy
     00000004  ___bank_bg_carri_logo_background   bg_carri_logo_background_cgb
     00000004  ___bank_bg_hclctemp_tileset        bg_hclctemp_tileset
     00000004  ___bank_bg_sodasroom_0_tileset     bg_sodasroom_0_tileset
     00000004  ___bank_scene_0_sprites            scene_0_sprites
     00000004  ___bank_script_3                   script_3
     00000004  ___bank_sprite_cards_bank2_tiles   sprite_cards_bank2_tileset
     00000004  ___bank_sprite_cards_tileset       sprite_cards_tileset
     00000004  ___bank_sprite_eye_animated_tile   sprite_eye_animated_tileset
     00000004  b_core_reset                       core
     00000004  b_core_run                         core
     00000004  b_projectile_launch                projectiles
     00000004  b_projectiles_init                 projectiles
     00000004  b_scroll_init                      scroll
     00000004  b_scroll_repaint                   scroll
     00000004  b_scroll_reset                     scroll
     00000004  b_scroll_update                    scroll
     00000004  b_topdown_init                     topdown
     00000004  b_topdown_update                   topdown
     00000004  b_vm_context_prepare               vm_gameboy
     00000004  b_vm_fade                          vm_gameboy
     00000004  b_vm_get_tile_xy                   vm_gameboy
     00000004  b_vm_input_attach                  vm_gameboy
     00000004  b_vm_input_detach                  vm_gameboy
     00000004  b_vm_input_get                     vm_gameboy
     00000004  b_vm_input_wait                    vm_gameboy
     00000004  b_vm_load_tileset                  vm_gameboy
     00000004  b_vm_poll                          vm_gameboy
     00000004  b_vm_replace_tile                  vm_gameboy
     00000004  b_vm_replace_tile_xy               vm_gameboy
     00000004  b_vm_rumble                        vm_gameboy
     00000004  b_vm_set_sprite_mode               vm_gameboy
     00000004  b_vm_set_sprites_visible           vm_gameboy
     00000004  b_vm_timer_prepare                 vm_gameboy
     00000004  b_vm_timer_reset                   vm_gameboy
     00000004  b_vm_timer_set                     vm_gameboy
     00000004  b_vm_timer_stop                    vm_gameboy
     00000004  l__CRASH_HEADER1                
     00000004  l__HEADER_SIO0                  
     00000004  l__HEADER_TIMER0                
     00000005  ___bank_VM_CAMERA                  vm_camera
     00000005  ___bank_VM_SIO                     vm_sio
     00000005  ___bank_bg_preamble_background1_   bg_preamble_background1_tile
     00000005  ___bank_bg_roomselect_cgb_tilese   bg_roomselect_cgb_tileset
     00000005  ___bank_bg_roomselect_tilemap      bg_roomselect_tilemap
     00000005  ___bank_bg_roomselect_tilemap_at   bg_roomselect_tilemap_attr
     00000005  ___bank_scene_0_actors             scene_0_actors
     00000005  ___bank_scene_12_init              scene_12_init
ASxxxx Linker V03.00/V05.40 + sdld,  page 6.
Hexadecimal  [32-Bits]

Area                                    Addr        Size        Decimal Bytes (Attributes)
--------------------------------        ----        ----        ------- ----- ------------
.  .ABS.                            00000000    00000000 =           0. bytes (ABS,CON)

      Value  Global                              Global Defined In Module
      -----  --------------------------------   ------------------------
     00000005  ___bank_scene_9_collisions         scene_9_collisions
     00000005  ___bank_script_input_11            script_input_11
     00000005  ___bank_script_input_2             script_input_2
     00000005  ___bank_script_input_8             script_input_8
     00000005  ___bank_sprite_cards               sprite_cards
     00000005  ___bank_sprite_eye_animated        sprite_eye_animated
     00000005  ___bank_sprite_furniture_small_b   sprite_furniture_small_bank2
     00000005  ___bank_sprite_furniture_small_t   sprite_furniture_small_tiles
     00000005  b___HandleCrash_banked             
     00000005  b_atan2                            math_atan2
     00000005  b_camera_shake_frames              vm_camera
     00000005  b_data_clear                       load_save
     00000005  b_data_init                        load_save
     00000005  b_data_load                        load_save
     00000005  b_data_peek                        load_save
     00000005  b_data_save                        load_save
     00000005  b_fade_applypalettechange          fade_manager
     00000005  b_fade_in                          fade_manager
     00000005  b_fade_in_modal                    fade_manager
     00000005  b_fade_init                        fade_manager
     00000005  b_fade_out                         fade_manager
     00000005  b_fade_out_modal                   fade_manager
     00000005  b_fade_setspeed                    fade_manager
     00000005  b_fade_update                      fade_manager
     00000005  b_gbprinter_detect                 gbprinter
     00000005  b_gbprinter_print_overlay          gbprinter
     00000005  b_pointnclick_init                 pointnclick
     00000005  b_pointnclick_update               pointnclick
     00000005  b_set_sgb_border                   sgb_border
     00000005  b_trigger_activate_at              trigger
     00000005  b_trigger_activate_at_intersecti   trigger
     00000005  b_trigger_at_intersection          trigger
     00000005  b_trigger_at_tile                  trigger
     00000005  b_trigger_interact                 trigger
     00000005  b_trigger_reset                    trigger
     00000005  b_vm_camera_move_to                vm_camera
     00000005  b_vm_camera_set_pos                vm_camera
     00000005  b_vm_sio_exchange                  vm_sio
     00000005  b_vm_sio_set_mode                  vm_sio
     00000005  l__CRASH_HEADER0                
     00000005  l__HEADER1                      
     00000006  ___bank_VM_PALETTE                 vm_palette
     00000006  ___bank_bg_ados_flare_bank2_tile   bg_ados_flare_bank2_tileset
     00000006  ___bank_bg_ados_flare_tileset      bg_ados_flare_tileset
     00000006  ___bank_bg_adosroom_battle_0_til   bg_adosroom_battle_0_tilemap
     00000006  ___bank_bg_adosroom_battle_0_til   bg_adosroom_battle_0_tilemap
     00000006  ___bank_bg_carri_logo_background   bg_carri_logo_background_til
     00000006  ___bank_bg_carri_logo_background   bg_carri_logo_background_til
     00000006  ___bank_bg_furniture_test_room_t   bg_furniture_test_room_tilem
     00000006  ___bank_bg_furniture_test_room_t   bg_furniture_test_room_tilem
     00000006  ___bank_bg_furniture_test_room_t   bg_furniture_test_room_tiles
ASxxxx Linker V03.00/V05.40 + sdld,  page 7.
Hexadecimal  [32-Bits]

Area                                    Addr        Size        Decimal Bytes (Attributes)
--------------------------------        ----        ----        ------- ----- ------------
.  .ABS.                            00000000    00000000 =           0. bytes (ABS,CON)

      Value  Global                              Global Defined In Module
      -----  --------------------------------   ------------------------
     00000006  ___bank_bg_hclctemp_tilemap        bg_hclctemp_tilemap
     00000006  ___bank_bg_hclctemp_tilemap_attr   bg_hclctemp_tilemap_attr
     00000006  ___bank_bg_mainmenu_tilemap        bg_mainmenu_tilemap
     00000006  ___bank_bg_mainmenu_tilemap_attr   bg_mainmenu_tilemap_attr
     00000006  ___bank_bg_placeholder_tilemap     bg_placeholder_tilemap
     00000006  ___bank_bg_placeholder_tilemap_a   bg_placeholder_tilemap_attr
     00000006  ___bank_bg_preamble_background1_   bg_preamble_background1_tile
     00000006  ___bank_bg_preamble_background1_   bg_preamble_background1_tile
     00000006  ___bank_bg_preamble_background2_   bg_preamble_background2_tile
     00000006  ___bank_bg_preamble_background2_   bg_preamble_background2_tile
     00000006  ___bank_bg_sodasroom1_tilemap      bg_sodasroom1_tilemap
     00000006  ___bank_bg_sodasroom1_tilemap_at   bg_sodasroom1_tilemap_attr
     00000006  ___bank_bg_sodasroom_0_tilemap     bg_sodasroom_0_tilemap
     00000006  ___bank_bg_sodasroom_0_tilemap_a   bg_sodasroom_0_tilemap_attr
     00000006  ___bank_scene_0_collisions         scene_0_collisions
     00000006  ___bank_scene_10_collisions        scene_10_collisions
     00000006  ___bank_scene_12_actors            scene_12_actors
     00000006  ___bank_scene_12_collisions        scene_12_collisions
     00000006  ___bank_scene_13_collisions        scene_13_collisions
     00000006  ___bank_scene_13_init              scene_13_init
     00000006  ___bank_scene_14_collisions        scene_14_collisions
     00000006  ___bank_scene_1_collisions         scene_1_collisions
     00000006  ___bank_scene_6_actors             scene_6_actors
     00000006  ___bank_script_4                   script_4
     00000006  ___bank_script_input_12            script_input_12
     00000006  ___bank_script_input_3             script_input_3
     00000006  ___bank_sprite_actor               sprite_actor
     00000006  ___bank_sprite_ados_bat_bank2_ti   sprite_ados_bat_bank2_tilese
     00000006  ___bank_sprite_ados_bat_tileset    sprite_ados_bat_tileset
     00000006  ___bank_sprite_burger              sprite_burger
     00000006  ___bank_sprite_dpad                sprite_dpad
     00000006  ___bank_sprite_furniture_small     sprite_furniture_small
     00000006  ___bank_sprite_pop_bank2_tileset   sprite_pop_bank2_tileset
     00000006  ___bank_sprite_pop_tileset         sprite_pop_tileset
     00000006  b_vm_load_palette                  vm_palette
     00000006  l__HEADER8                      
     00000007  ___bank_VM_GBPRINTER               vm_gbprinter
     00000007  ___bank_VM_LOAD_SAVE               vm_load_save
     00000007  ___bank_VM_MATH                    vm_math
     00000007  ___bank_VM_MUSIC                   vm_music
     00000007  ___bank_VM_PROJECTILE              vm_projectiles
     00000007  ___bank_VM_RTC                     vm_rtc
     00000007  ___bank_VM_SCENE                   vm_scene
     00000007  ___bank_actor_21_update            actor_21_update
     00000007  ___bank_actor_22_update            actor_22_update
     00000007  ___bank_actor_57_update            actor_57_update
     00000007  ___bank_actor_80_update            actor_80_update
     00000007  ___bank_actor_81_update            actor_81_update
     00000007  ___bank_bg_ados_flare              bg_ados_flare
     00000007  ___bank_bg_mainmenu_cgb_tileset    bg_mainmenu_cgb_tileset
     00000007  ___bank_bg_mainmenu_cover_0        bg_mainmenu_cover_0
ASxxxx Linker V03.00/V05.40 + sdld,  page 8.
Hexadecimal  [32-Bits]

Area                                    Addr        Size        Decimal Bytes (Attributes)
--------------------------------        ----        ----        ------- ----- ------------
.  .ABS.                            00000000    00000000 =           0. bytes (ABS,CON)

      Value  Global                              Global Defined In Module
      -----  --------------------------------   ------------------------
     00000007  ___bank_bg_placeholder_tileset     bg_placeholder_tileset
     00000007  ___bank_bg_preamble_background2_   bg_preamble_background2_cgb_
     00000007  ___bank_frame_image                frame_image
     00000007  ___bank_palette_0                  palette_0
     00000007  ___bank_palette_1                  palette_1
     00000007  ___bank_palette_2                  palette_2
     00000007  ___bank_palette_3                  palette_3
     00000007  ___bank_palette_4                  palette_4
     00000007  ___bank_scene_10_actors            scene_10_actors
     00000007  ___bank_scene_10_init              scene_10_init
     00000007  ___bank_scene_14_actors            scene_14_actors
     00000007  ___bank_scene_14_init              scene_14_init
     00000007  ___bank_scene_2_actors             scene_2_actors
     00000007  ___bank_scene_2_collisions         scene_2_collisions
     00000007  ___bank_scene_2_init               scene_2_init
     00000007  ___bank_scene_3_actors             scene_3_actors
     00000007  ___bank_scene_3_collisions         scene_3_collisions
     00000007  ___bank_scene_4_collisions         scene_4_collisions
     00000007  ___bank_scene_5_collisions         scene_5_collisions
     00000007  ___bank_scene_5_init               scene_5_init
     00000007  ___bank_scene_6_collisions         scene_6_collisions
     00000007  ___bank_scene_7_collisions         scene_7_collisions
     00000007  ___bank_scene_7_init               scene_7_init
     00000007  ___bank_scene_9_actors             scene_9_actors
     00000007  ___bank_scene_9_init               scene_9_init
     00000007  ___bank_script_13                  script_13
     00000007  ___bank_script_input_10            script_input_10
     00000007  ___bank_script_input_4             script_input_4
     00000007  ___bank_script_input_5             script_input_5
     00000007  ___bank_script_input_7             script_input_7
     00000007  ___bank_script_input_9             script_input_9
     00000007  ___bank_script_timer               script_timer
     00000007  ___bank_script_timer_0             script_timer_0
     00000007  ___bank_script_timer_1             script_timer_1
     00000007  ___bank_script_timer_6             script_timer_6
     00000007  ___bank_script_timer_7             script_timer_7
     00000007  ___bank_sprite_actor_animated      sprite_actor_animated
     00000007  ___bank_sprite_actor_animated_ba   sprite_actor_animated_bank2_
     00000007  ___bank_sprite_actor_animated_ti   sprite_actor_animated_tilese
     00000007  ___bank_sprite_actor_bank2_tiles   sprite_actor_bank2_tileset
     00000007  ___bank_sprite_actor_tileset       sprite_actor_tileset
     00000007  ___bank_sprite_ados                sprite_ados
     00000007  ___bank_sprite_ados_bank2_tilese   sprite_ados_bank2_tileset
     00000007  ___bank_sprite_ados_bat            sprite_ados_bat
     00000007  ___bank_sprite_ados_tileset        sprite_ados_tileset
     00000007  ___bank_sprite_cow                 sprite_cow
     00000007  ___bank_sprite_cow_bank2_tileset   sprite_cow_bank2_tileset
     00000007  ___bank_sprite_cow_tileset         sprite_cow_tileset
     00000007  ___bank_sprite_dpad_bank2_tilese   sprite_dpad_bank2_tileset
     00000007  ___bank_sprite_dpad_tileset        sprite_dpad_tileset
     00000007  ___bank_sprite_meter               sprite_meter
ASxxxx Linker V03.00/V05.40 + sdld,  page 9.
Hexadecimal  [32-Bits]

Area                                    Addr        Size        Decimal Bytes (Attributes)
--------------------------------        ----        ----        ------- ----- ------------
.  .ABS.                            00000000    00000000 =           0. bytes (ABS,CON)

      Value  Global                              Global Defined In Module
      -----  --------------------------------   ------------------------
     00000007  ___bank_sprite_meter_bank2_tiles   sprite_meter_bank2_tileset
     00000007  ___bank_sprite_meter_tileset       sprite_meter_tileset
     00000007  ___bank_sprite_pop                 sprite_pop
     00000007  ___bank_sprite_soda                sprite_soda
     00000007  ___bank_sprite_soda_bank2_tilese   sprite_soda_bank2_tileset
     00000007  ___bank_sprite_soda_tileset        sprite_soda_tileset
     00000007  ___bank_sprite_wolf                sprite_wolf
     00000007  ___bank_sprite_wolf_bank2_tilese   sprite_wolf_bank2_tileset
     00000007  ___bank_sprite_wolf_tileset        sprite_wolf_tileset
     00000007  ___bank_tileset_default_frame      tileset_default_frame
     00000007  ___bank_trigger_1_interact         trigger_1_interact
     00000007  ___bank_trigger_25_interact        trigger_25_interact
     00000007  ___bank_trigger_26_interact        trigger_26_interact
     00000007  ___bank_trigger_27_interact        trigger_27_interact
     00000007  ___bank_trigger_28_interact        trigger_28_interact
     00000007  ___bank_trigger_29_interact        trigger_29_interact
     00000007  ___bank_trigger_32_interact        trigger_32_interact
     00000007  ___bank_trigger_4_interact         trigger_4_interact
     00000007  ___bank_trigger_5_interact         trigger_5_interact
     00000007  ___bank_trigger_6_interact         trigger_6_interact
     00000007  ___bank_trigger_7_interact         trigger_7_interact
     00000007  b_CGBZeroPalette                   palette
     00000007  b_erase_flash                      
     00000007  b_events_init                      events
     00000007  b_music_events_poll                music_manager
     00000007  b_music_init_driver                music_manager
     00000007  b_music_init_events                music_manager
     00000007  b_palette_init                     palette
     00000007  b_restore_sram                     flasher
     00000007  b_restore_sram_bank                flasher
     00000007  b_save_sram                        flasher
     00000007  b_save_sram_banks                  
     00000007  b_timers_init                      events
     00000007  b_vm_cos_scale                     vm_math
     00000007  b_vm_music_mute                    vm_music
     00000007  b_vm_music_play                    vm_music
     00000007  b_vm_music_routine                 vm_music
     00000007  b_vm_music_setpos                  vm_music
     00000007  b_vm_music_stop                    vm_music
     00000007  b_vm_print_detect                  vm_gbprinter
     00000007  b_vm_print_overlay                 vm_gbprinter
     00000007  b_vm_projectile_launch             vm_projectiles
     00000007  b_vm_projectile_load_type          vm_projectiles
     00000007  b_vm_rtc_get                       vm_rtc
     00000007  b_vm_rtc_latch                     vm_rtc
     00000007  b_vm_rtc_set                       vm_rtc
     00000007  b_vm_rtc_start                     vm_rtc
     00000007  b_vm_save_clear                    vm_load_save
     00000007  b_vm_save_peek                     vm_load_save
     00000007  b_vm_scene_pop                     vm_scene
     00000007  b_vm_scene_pop_all                 vm_scene
ASxxxx Linker V03.00/V05.40 + sdld,  page 10.
Hexadecimal  [32-Bits]

Area                                    Addr        Size        Decimal Bytes (Attributes)
--------------------------------        ----        ----        ------- ----- ------------
.  .ABS.                            00000000    00000000 =           0. bytes (ABS,CON)

      Value  Global                              Global Defined In Module
      -----  --------------------------------   ------------------------
     00000007  b_vm_scene_push                    vm_scene
     00000007  b_vm_scene_stack_reset             vm_scene
     00000007  b_vm_sfx_play                      vm_music
     00000007  b_vm_sin_scale                     vm_math
     00000007  b_vm_sound_mastervol               vm_music
     00000007  l__HEADER2                      
     00000008  ___bank_bg_adosroom_battle_0       bg_adosroom_battle_0
     00000008  ___bank_bg_carri_logo_background   bg_carri_logo_background
     00000008  ___bank_bg_furniture_test_room     bg_furniture_test_room
     00000008  ___bank_bg_hclctemp                bg_hclctemp
     00000008  ___bank_bg_mainmenu                bg_mainmenu
     00000008  ___bank_bg_mainmenu_cover_0_tile   bg_mainmenu_cover_0_tileset
     00000008  ___bank_bg_placeholder             bg_placeholder
     00000008  ___bank_bg_preamble_background1    bg_preamble_background1
     00000008  ___bank_bg_preamble_background2    bg_preamble_background2
     00000008  ___bank_bg_roomselect              bg_roomselect
     00000008  ___bank_bg_sodasroom1              bg_sodasroom1
     00000008  ___bank_bg_sodasroom_0             bg_sodasroom_0
     00000008  ___bank_bootstrap_script           
     00000008  ___bank_cursor_image               cursor_image
     00000008  ___bank_emote_anger                emote_anger
     00000008  ___bank_emote_pause                emote_pause
     00000008  ___bank_emote_question             emote_question
     00000008  ___bank_emote_shock                emote_shock
     00000008  ___bank_emote_sweat                emote_sweat
     00000008  ___bank_scene_0                    scene_0
     00000008  ___bank_scene_0_triggers           scene_0_triggers
     00000008  ___bank_scene_1                    scene_1
     00000008  ___bank_scene_10                   scene_10
     00000008  ___bank_scene_10_sprites           scene_10_sprites
     00000008  ___bank_scene_12                   scene_12
     00000008  ___bank_scene_12_sprites           scene_12_sprites
     00000008  ___bank_scene_12_triggers          scene_12_triggers
     00000008  ___bank_scene_13                   scene_13
     00000008  ___bank_scene_14                   scene_14
     00000008  ___bank_scene_14_projectiles       scene_14_projectiles
     00000008  ___bank_scene_14_sprites           scene_14_sprites
     00000008  ___bank_scene_2                    scene_2
     00000008  ___bank_scene_2_sprites            scene_2_sprites
     00000008  ___bank_scene_3                    scene_3
     00000008  ___bank_scene_3_init               scene_3_init
     00000008  ___bank_scene_3_sprites            scene_3_sprites
     00000008  ___bank_scene_3_triggers           scene_3_triggers
     00000008  ___bank_scene_4                    scene_4
     00000008  ___bank_scene_4_init               scene_4_init
     00000008  ___bank_scene_5                    scene_5
     00000008  ___bank_scene_5_actors             scene_5_actors
     00000008  ___bank_scene_5_sprites            scene_5_sprites
     00000008  ___bank_scene_6                    scene_6
     00000008  ___bank_scene_6_sprites            scene_6_sprites
     00000008  ___bank_scene_6_triggers           scene_6_triggers
ASxxxx Linker V03.00/V05.40 + sdld,  page 11.
Hexadecimal  [32-Bits]

Area                                    Addr        Size        Decimal Bytes (Attributes)
--------------------------------        ----        ----        ------- ----- ------------
.  .ABS.                            00000000    00000000 =           0. bytes (ABS,CON)

      Value  Global                              Global Defined In Module
      -----  --------------------------------   ------------------------
     00000008  ___bank_scene_7                    scene_7
     00000008  ___bank_scene_9                    scene_9
     00000008  ___bank_scene_9_sprites            scene_9_sprites
     00000008  ___bank_scene_9_triggers           scene_9_triggers
     00000008  ___bank_script_0                   script_0
     00000008  ___bank_script_engine_init         
     00000008  ___bank_script_input               script_input
     00000008  ___bank_script_input_0             script_input_0
     00000008  ___bank_script_input_1             script_input_1
     00000008  ___bank_script_input_13            script_input_13
     00000008  ___bank_script_timer_2             script_timer_2
     00000008  ___bank_script_timer_3             script_timer_3
     00000008  ___bank_script_timer_4             script_timer_4
     00000008  ___bank_script_timer_8             script_timer_8
     00000008  ___bank_script_timer_9             script_timer_9
     00000008  ___bank_sound_legacy_0             sound_legacy_0
     00000008  ___bank_sound_legacy_0_0           sound_legacy_0_0
     00000008  ___bank_sound_legacy_0_1           sound_legacy_0_1
     00000008  ___bank_sound_legacy_0_10          sound_legacy_0_10
     00000008  ___bank_sound_legacy_0_2           sound_legacy_0_2
     00000008  ___bank_sound_legacy_0_3           sound_legacy_0_3
     00000008  ___bank_sound_legacy_0_4           sound_legacy_0_4
     00000008  ___bank_sound_legacy_0_5           sound_legacy_0_5
     00000008  ___bank_sound_legacy_0_6           sound_legacy_0_6
     00000008  ___bank_sound_legacy_0_7           sound_legacy_0_7
     00000008  ___bank_sound_legacy_0_8           sound_legacy_0_8
     00000008  ___bank_sound_legacy_0_9           sound_legacy_0_9
     00000008  ___bank_sprite_bullet              sprite_bullet
     00000008  ___bank_sprite_bullet_tileset      sprite_bullet_tileset
     00000008  ___bank_sprite_burger_bank2_tile   sprite_burger_bank2_tileset
     00000008  ___bank_sprite_burger_tileset      sprite_burger_tileset
     00000008  ___bank_sprite_egg                 sprite_egg
     00000008  ___bank_sprite_egg_bank2_tileset   sprite_egg_bank2_tileset
     00000008  ___bank_sprite_egg_tileset         sprite_egg_tileset
     00000008  ___bank_sprite_hand                sprite_hand
     00000008  ___bank_sprite_hand_bank2_tilese   sprite_hand_bank2_tileset
     00000008  ___bank_sprite_hand_tileset        sprite_hand_tileset
     00000008  ___bank_sprite_inch2               sprite_inch2
     00000008  ___bank_sprite_inch_export         sprite_inch_export
     00000008  ___bank_spritesheet_none           spritesheet_none
     00000008  ___bank_trigger_20_interact        trigger_20_interact
     00000008  ___bank_trigger_22_interact        trigger_22_interact
     00000008  ___bank_trigger_23_interact        trigger_23_interact
     00000008  ___bank_trigger_24_interact        trigger_24_interact
     00000008  ___bank_trigger_30_interact        trigger_30_interact
     00000008  ___bank_trigger_31_interact        trigger_31_interact
     00000008  ___bank_trigger_8_interact         trigger_8_interact
     00000008  ___mute_mask_sound_legacy_0_10     sound_legacy_0_10
     00000008  ___mute_mask_sound_legacy_0_3      sound_legacy_0_3
     00000008  ___mute_mask_sound_legacy_0_6      sound_legacy_0_6
     00000008  b_SIO_init                         sio
ASxxxx Linker V03.00/V05.40 + sdld,  page 12.
Hexadecimal  [32-Bits]

Area                                    Addr        Size        Decimal Bytes (Attributes)
--------------------------------        ----        ----        ------- ----- ------------
.  .ABS.                            00000000    00000000 =           0. bytes (ABS,CON)

      Value  Global                              Global Defined In Module
      -----  --------------------------------   ------------------------
     00000008  b_camera_init                      camera
     00000008  b_input_init                       input
     00000008  b_logo_init                        logo
     00000008  b_logo_update                      logo
     00000008  b_parallax_init                    parallax
     00000008  b_remove_LCD_ISRs                  interrupts
     00000008  b_scroll_rect                      
     00000008  l__HEADER3                      
     0000000C  __start_save                    
     00000019  l__INITIALIZED                  
     00000019  l__INITIALIZER                  
     00000027  l__GSINIT                       
     00000030  l__HEADER7                      
     00000060  l__HEADER4                      
     000000AB  l__HEADER11                     
     000001CB  l__CRASH_SCRATCH2               
     00000200  s__CODE                         
     00000CFE  l__CODE_8                       
     00000EBF  l__CODE                         
     000010BF  s__HOME                         
     00001971  l__DATA                         
     00002000  _rROMB0                            
     00002D53  l__HOME                         
     00003000  _rROMB1                            
     00003E12  s__BASE                         
     00003E12  s__CODE_0                       
     00003E12  s__INITIALIZER                  
     00003E12  s__LIT                          
     00003E2B  s__GSINIT                       
     00003E52  s__GSFINAL                      
     00003FFF  l__CODE_2                       
     00003FFF  l__CODE_6                       
     00004000  _RTC_SELECT_REG                    vm_rtc
     00004000  _rRAMB                             
     00004000  l__CODE_1                       
     00004000  l__CODE_3                       
     00004000  l__CODE_4                       
     00004000  l__CODE_5                       
     00004000  l__CODE_7                       
     00006000  _RTC_LATCH_REG                     vm_rtc
     00008000  __VRAM                             
     00008000  __VRAM8000                         
     00008800  __VRAM8800                         
     00009000  __VRAM9000                         
     00009800  __SCRN0                            
     00009C00  __SCRN1                            
     0000A000  _RTC_VALUE_REG                     vm_rtc
     0000A000  __SRAM                             
     0000C000  __RAM                              
     0000C000  _shadow_OAM                     
     0000C0A0  s__DATA                         
ASxxxx Linker V03.00/V05.40 + sdld,  page 13.
Hexadecimal  [32-Bits]

Area                                    Addr        Size        Decimal Bytes (Attributes)
--------------------------------        ----        ----        ------- ----- ------------
.  .ABS.                            00000000    00000000 =           0. bytes (ABS,CON)

      Value  Global                              Global Defined In Module
      -----  --------------------------------   ------------------------
     0000D000  __RAMBANK                          
     0000DA11  s__BSS                          
     0000DA11  s__INITIALIZED                  
     0000DA2A  s__HEAP                         
     0000DA2A  s__HEAP_END                     
     0000DF00  .STACK                          
     0000DF00  _shadow_OAM2                       absolute
     0000DFA0  _BkgPalette                        absolute
     0000DFE0  _vwf_tile_data                     absolute
     0000FE00  __OAMRAM                           
     0000FF00  _P1_REG                            
     0000FF00  __IO                               
     0000FF01  _SB_REG                            
     0000FF02  _SC_REG                            
     0000FF04  _DIV_REG                           
     0000FF05  _TIMA_REG                          
     0000FF06  _TMA_REG                           
     0000FF07  _TAC_REG                           
     0000FF0F  _IF_REG                            
     0000FF10  _NR10_REG                          
     0000FF11  _NR11_REG                          
     0000FF12  _NR12_REG                          
     0000FF13  _NR13_REG                          
     0000FF14  _NR14_REG                          
     0000FF16  _NR21_REG                          
     0000FF17  _NR22_REG                          
     0000FF18  _NR23_REG                          
     0000FF19  _NR24_REG                          
     0000FF1A  _NR30_REG                          
     0000FF1B  _NR31_REG                          
     0000FF1C  _NR32_REG                          
     0000FF1D  _NR33_REG                          
     0000FF1E  _NR34_REG                          
     0000FF20  _NR41_REG                          
     0000FF21  _NR42_REG                          
     0000FF22  _NR43_REG                          
     0000FF23  _NR44_REG                          
     0000FF24  _NR50_REG                          
     0000FF25  _NR51_REG                          
     0000FF26  _NR52_REG                          
     0000FF30  _AUD3WAVE                          
     0000FF30  _PCM_SAMPLE                        
     0000FF30  __AUD3WAVERAM                      
     0000FF40  _LCDC_REG                          
     0000FF41  _STAT_REG                          
     0000FF42  _SCY_REG                           
     0000FF43  _SCX_REG                           
     0000FF44  _LY_REG                            
     0000FF45  _LYC_REG                           
     0000FF46  _DMA_REG                           
     0000FF47  _BGP_REG                           
ASxxxx Linker V03.00/V05.40 + sdld,  page 14.
Hexadecimal  [32-Bits]

Area                                    Addr        Size        Decimal Bytes (Attributes)
--------------------------------        ----        ----        ------- ----- ------------
.  .ABS.                            00000000    00000000 =           0. bytes (ABS,CON)

      Value  Global                              Global Defined In Module
      -----  --------------------------------   ------------------------
     0000FF48  _OBP0_REG                          
     0000FF49  _OBP1_REG                          
     0000FF4A  _WY_REG                            
     0000FF4B  _WX_REG                            
     0000FF4D  _KEY1_REG                          
     0000FF4F  _VBK_REG                           
     0000FF51  _HDMA1_REG                         
     0000FF52  _HDMA2_REG                         
     0000FF53  _HDMA3_REG                         
     0000FF54  _HDMA4_REG                         
     0000FF55  _HDMA5_REG                         
     0000FF56  _RP_REG                            
     0000FF68  _BCPS_REG                          
     0000FF69  _BCPD_REG                          
     0000FF6A  _OCPS_REG                          
     0000FF6B  _OCPD_REG                          
     0000FF70  _SVBK_REG                          
     0000FF76  _PCM12_REG                         
     0000FF77  _PCM34_REG                         
     0000FF80  .refresh_OAM                    
     0000FF80  __HRAM                             
     0000FFFF  _IE_REG                            
     00014000  s__CODE_1                       
     00024000  s__CODE_2                       
     00034000  s__CODE_3                       
     00044000  s__CODE_4                       
     00054000  s__CODE_5                       
     00064000  s__CODE_6                       
     00074000  s__CODE_7                       
     00084000  s__CODE_8                       

ASxxxx Linker V03.00/V05.40 + sdld,  page 15.
Hexadecimal  [32-Bits]

Area                                    Addr        Size        Decimal Bytes (Attributes)
--------------------------------        ----        ----        ------- ----- ------------
_CODE                               00000200    00000EBF =        3775. bytes (REL,CON)

      Value  Global                              Global Defined In Module
      -----  --------------------------------   ------------------------
     00000200  ___HandleCrash                     
     0000020A  _SIO_send_byte                     
     0000021D  _SIO_receive                       
     0000022E  _GetWinAddr                        
     00000236  _GetBkgAddr                        
     00000244  _state_init                        
     00000249  _state_update                      
     0000026B  _ui_time_masks                     
     00000273  _ui_print_shift_char               
     000002F6  _ui_draw_frame_row                 
     000002FF  .ui_draw_frame_row                 
     00000328  _script_cmds                       vm_instructions
     00000560  _save_signature                    game_signature
     00000564  _start_scene_x                     
     00000566  _start_scene_y                     
     00000568  _start_scene_dir                   
     00000569  _start_scene                       
     0000056C  _start_player_move_speed           
     0000056D  _start_player_anim_tick            
     0000056E  _ui_fonts                          
     00000571  _core_reset_hook                   main
     00000579  _main                              main
     00000581  _state_start_fns                   
     0000058A  _state_update_fns                  
     00000593  _hUGE_init                         hUGEDriver_obj
     00000595  hUGE_init                          hUGEDriver_obj
     000005EB  _hUGE_mute_channel                 hUGEDriver_obj
     000005ED  hUGE_mute_channel                  hUGEDriver_obj
     0000083B  _hUGE_set_position                 hUGEDriver_obj
     0000083D  hUGE_set_position                  hUGEDriver_obj
     00000A02  _hUGE_dosound                      hUGEDriver_obj
     00000A02  hUGE_dosound                       hUGEDriver_obj
     00000D2E  _get_vram_byte                     
     00000D36  _get_win_tile_xy                   
     00000D3E  _get_bkg_tile_xy                   
     00000D65  _set_sprite_palette                CGB
     00000D6A  _set_bkg_palette                   CGB
     00000D6D  .set_palette                       CGB
     00000D8C  _set_sprite_palette_entry          CGB
     00000D91  _set_bkg_palette_entry             CGB
     00000D94  .set_palette_entry                 CGB
     00000DB0  _hide_sprites_range                Metasprites
     00000DDF  __mulsuchar                        mul
     00000DE2  __muluschar                        mul
     00000DEB  __mulschar                         mul
     00000DF3  __mulint                           mul
     00000E12  __muluchar                         mul
     00000E24  _set_vram_byte                     
     00000E2D  _set_win_tile_xy                   
     00000E36  _set_bkg_tile_xy                   
ASxxxx Linker V03.00/V05.40 + sdld,  page 16.
Hexadecimal  [32-Bits]

Area                                    Addr        Size        Decimal Bytes (Attributes)
--------------------------------        ----        ----        ------- ----- ------------
_CODE                               00000200    00000EBF =        3775. bytes (REL,CON)

      Value  Global                              Global Defined In Module
      -----  --------------------------------   ------------------------
     00000E65  .sgb_check                         
     00000E65  _sgb_check                         
     00000EAD  _sgb_transfer                      
     00000EB2  .sgb_transfer                      
     00000EF3  .copy_vram                         
     00000EF9  _get_data                          
     00000EF9  _set_data                          
     00000EF9  _vmemcpy                           
     00000F47  ___move_metasprite                 Metasprites
     00000F84  ___memcpy                          
     00000F84  _memcpy                            
     00000FB6  _cpu_slow                          CGB
     00000FD1  _cpu_fast                          CGB
     00000FD8  __divsuchar                        divmod
     00000FDE  __modsuchar                        divmod
     00000FE7  __divuschar                        divmod
     00000FF0  __moduschar                        divmod
     00000FFC  __divschar                         divmod
     00001001  __modschar                         divmod
     00001008  __divsint                          divmod
     00001011  __modsint                          divmod
     0000101D  __divuchar                         divmod
     00001022  __moduchar                         divmod
     00001029  __divuint                          divmod
     00001032  __moduint                          divmod
     0000103E  .div8                              divmod
     0000103E  .mod8                              divmod
     00001046  .div16                             divmod
     00001046  .mod16                             divmod
     0000107C  .divu8                             divmod
     0000107C  .modu8                             divmod
     0000107F  .divu16                            divmod
     0000107F  .modu16                            divmod

ASxxxx Linker V03.00/V05.40 + sdld,  page 17.
Hexadecimal  [32-Bits]

Area                                    Addr        Size        Decimal Bytes (Attributes)
--------------------------------        ----        ----        ------- ----- ------------
_HEADER0                            00000000    00000001 =           1. bytes (ABS,CON)

      Value  Global                              Global Defined In Module
      -----  --------------------------------   ------------------------
     00000020  .call_hl                           Runtime

ASxxxx Linker V03.00/V05.40 + sdld,  page 18.
Hexadecimal  [32-Bits]

Area                                    Addr        Size        Decimal Bytes (Attributes)
--------------------------------        ----        ----        ------- ----- ------------
_HEADER1                            00000000    00000005 =           5. bytes (ABS,CON)

      Value  Global                              Global Defined In Module
      -----  --------------------------------   ------------------------
     00000028  .MemsetSmall                       Runtime

ASxxxx Linker V03.00/V05.40 + sdld,  page 19.
Hexadecimal  [32-Bits]

Area                                    Addr        Size        Decimal Bytes (Attributes)
--------------------------------        ----        ----        ------- ----- ------------
_HEADER2                            00000000    00000007 =           7. bytes (ABS,CON)

      Value  Global                              Global Defined In Module
      -----  --------------------------------   ------------------------
     00000030  .MemcpySmall                       Runtime

ASxxxx Linker V03.00/V05.40 + sdld,  page 20.
Hexadecimal  [32-Bits]

Area                                    Addr        Size        Decimal Bytes (Attributes)
--------------------------------        ----        ----        ------- ----- ------------
_HEADER3                            00000000    00000008 =           8. bytes (ABS,CON)

      Value  Global                              Global Defined In Module
      -----  --------------------------------   ------------------------
ASxxxx Linker V03.00/V05.40 + sdld,  page 21.
Hexadecimal  [32-Bits]

Area                                    Addr        Size        Decimal Bytes (Attributes)
--------------------------------        ----        ----        ------- ----- ------------
_HEADER4                            00000000    00000060 =          96. bytes (ABS,CON)

      Value  Global                              Global Defined In Module
      -----  --------------------------------   ------------------------
     00000080  .int                               Runtime
     0000008F  _wait_int_handler                  Runtime
     0000009C  __standard_VBL_handler             Runtime
     000000AB  _refresh_OAM                       Runtime
     000000CC  _set_interrupts                    Runtime

ASxxxx Linker V03.00/V05.40 + sdld,  page 22.
Hexadecimal  [32-Bits]

Area                                    Addr        Size        Decimal Bytes (Attributes)
--------------------------------        ----        ----        ------- ----- ------------
_HEADER5                            00000000    00000001 =           1. bytes (ABS,CON)

      Value  Global                              Global Defined In Module
      -----  --------------------------------   ------------------------
ASxxxx Linker V03.00/V05.40 + sdld,  page 23.
Hexadecimal  [32-Bits]

Area                                    Addr        Size        Decimal Bytes (Attributes)
--------------------------------        ----        ----        ------- ----- ------------
_HEADER6                            00000000    00000002 =           2. bytes (ABS,CON)

      Value  Global                              Global Defined In Module
      -----  --------------------------------   ------------------------
ASxxxx Linker V03.00/V05.40 + sdld,  page 24.
Hexadecimal  [32-Bits]

Area                                    Addr        Size        Decimal Bytes (Attributes)
--------------------------------        ----        ----        ------- ----- ------------
_HEADER7                            00000000    00000030 =          48. bytes (ABS,CON)

      Value  Global                              Global Defined In Module
      -----  --------------------------------   ------------------------
ASxxxx Linker V03.00/V05.40 + sdld,  page 25.
Hexadecimal  [32-Bits]

Area                                    Addr        Size        Decimal Bytes (Attributes)
--------------------------------        ----        ----        ------- ----- ------------
_HEADER8                            00000000    00000006 =           6. bytes (ABS,CON)

      Value  Global                              Global Defined In Module
      -----  --------------------------------   ------------------------
ASxxxx Linker V03.00/V05.40 + sdld,  page 26.
Hexadecimal  [32-Bits]

Area                                    Addr        Size        Decimal Bytes (Attributes)
--------------------------------        ----        ----        ------- ----- ------------
_HEADER9                            00000000    00000003 =           3. bytes (ABS,CON)

      Value  Global                              Global Defined In Module
      -----  --------------------------------   ------------------------
ASxxxx Linker V03.00/V05.40 + sdld,  page 27.
Hexadecimal  [32-Bits]

Area                                    Addr        Size        Decimal Bytes (Attributes)
--------------------------------        ----        ----        ------- ----- ------------
_HEADERa                            00000000    00000001 =           1. bytes (ABS,CON)

      Value  Global                              Global Defined In Module
      -----  --------------------------------   ------------------------
ASxxxx Linker V03.00/V05.40 + sdld,  page 28.
Hexadecimal  [32-Bits]

Area                                    Addr        Size        Decimal Bytes (Attributes)
--------------------------------        ----        ----        ------- ----- ------------
_HEADERb                            00000000    00000001 =           1. bytes (ABS,CON)

      Value  Global                              Global Defined In Module
      -----  --------------------------------   ------------------------
ASxxxx Linker V03.00/V05.40 + sdld,  page 29.
Hexadecimal  [32-Bits]

Area                                    Addr        Size        Decimal Bytes (Attributes)
--------------------------------        ----        ----        ------- ----- ------------
_HEADERc                            00000000    00000001 =           1. bytes (ABS,CON)

      Value  Global                              Global Defined In Module
      -----  --------------------------------   ------------------------
ASxxxx Linker V03.00/V05.40 + sdld,  page 30.
Hexadecimal  [32-Bits]

Area                                    Addr        Size        Decimal Bytes (Attributes)
--------------------------------        ----        ----        ------- ----- ------------
_HEADERd                            00000000    00000002 =           2. bytes (ABS,CON)

      Value  Global                              Global Defined In Module
      -----  --------------------------------   ------------------------
ASxxxx Linker V03.00/V05.40 + sdld,  page 31.
Hexadecimal  [32-Bits]

Area                                    Addr        Size        Decimal Bytes (Attributes)
--------------------------------        ----        ----        ------- ----- ------------
_HEADERe                            00000000    00000001 =           1. bytes (ABS,CON)

      Value  Global                              Global Defined In Module
      -----  --------------------------------   ------------------------
ASxxxx Linker V03.00/V05.40 + sdld,  page 32.
Hexadecimal  [32-Bits]

Area                                    Addr        Size        Decimal Bytes (Attributes)
--------------------------------        ----        ----        ------- ----- ------------
_HEADERf                            00000000    00000001 =           1. bytes (ABS,CON)

      Value  Global                              Global Defined In Module
      -----  --------------------------------   ------------------------
ASxxxx Linker V03.00/V05.40 + sdld,  page 33.
Hexadecimal  [32-Bits]

Area                                    Addr        Size        Decimal Bytes (Attributes)
--------------------------------        ----        ----        ------- ----- ------------
_HEADER10                           00000000    00000002 =           2. bytes (ABS,CON)

      Value  Global                              Global Defined In Module
      -----  --------------------------------   ------------------------
ASxxxx Linker V03.00/V05.40 + sdld,  page 34.
Hexadecimal  [32-Bits]

Area                                    Addr        Size        Decimal Bytes (Attributes)
--------------------------------        ----        ----        ------- ----- ------------
_HEADER11                           00000000    000000AB =         171. bytes (ABS,CON)

      Value  Global                              Global Defined In Module
      -----  --------------------------------   ------------------------
     00000150  .reset                             Runtime
     00000150  _reset                             Runtime
     00000157  .code_start                        Runtime
     000001B9  _exit                              Runtime
     000001BD  .wait_vbl_done                     Runtime
     000001BD  _vsync                             Runtime
     000001BD  _wait_vbl_done                     Runtime
     000001CD  .remove_VBL                        Runtime
     000001CD  _remove_VBL                        Runtime
     000001D0  .remove_int                        Runtime
     000001ED  .add_VBL                           Runtime
     000001ED  _add_VBL                           Runtime
     000001F0  .add_int                           Runtime

ASxxxx Linker V03.00/V05.40 + sdld,  page 35.
Hexadecimal  [32-Bits]

Area                                    Addr        Size        Decimal Bytes (Attributes)
--------------------------------        ----        ----        ------- ----- ------------
_HOME                               000010BF    00002D53 =       11603. bytes (REL,CON)

      Value  Global                              Global Defined In Module
      -----  --------------------------------   ------------------------
     000010BF  .memset_simple                     Runtime
     000010C8  .memcpy_simple                     Runtime
     000010E5  .display_off                       Runtime
     000010E5  _display_off                       Runtime
     000010FD  _actors_update                     actor
     00001563  _SetBankedBkgData                  bankdata
     0000157F  _SetBankedSpriteData               bankdata
     0000159B  _SetBankedBkgTiles                 bankdata
     000015B7  _SetBankedWinTiles                 bankdata
     000015D3  _ReadBankedFarPtr                  bankdata
     000015F5  _ReadBankedUWORD                   bankdata
     0000160F  _MemcpyBanked                      bankdata
     00001631  _MemcpyVRAMBanked                  bankdata
     00001660  _IndexOfFarPtr                     bankdata
     000016E5  _camera_update                     camera
     00001818  _load_animations                   data_manager
     00001871  _events_update                     events
     00001944  _timers_update                     events
     000019CD  _input_update                      input
     000019F0  .sio_ISR                           
     00001A4A  .timer_ISR                         
     00001A5F  _simple_LCD_isr                    interrupts
     00001ADE  _fullscreen_LCD_isr                interrupts
     00001B0A  _VBL_isr                           interrupts
     00001B54  _isqrt                             math
     00001BB1  _sine_wave                         math
     00001CB1  _dir_lookup                        math
     00001CB9  _dir_angle_lookup                  math
     00001CBD  _hUGETrackerRoutine                music_manager
     00001CE4  _music_events_update               music_manager
     00001D66  _music_play_isr                    music_manager
     00001E07  _parallax_LCD_isr                  parallax
     00001E44  _projectiles_update                projectiles
     000022C5  _projectiles_render                projectiles
     0000241A  _scroll_load_pending_row           scroll
     000024A0  _scroll_load_row                   scroll
     00002515  _scroll_load_col                   scroll
     0000257E  _scroll_load_pending_col           scroll
     00002606  _set_bkg_submap                    
     00002649  _set_xy_win_submap                 
     00002676  .set_xy_win_submap                 
     0000267F  .set_xy_bkg_submap                 
     0000268E  .set_xy_submap                     
     000026DA  _sfx_play_isr                      sfx_player
     000027B3  _on_SIO_receive                    sio
     000027F4  _SIO_update                        sio
     0000285B  _ui_update                         ui
     00002993  _vm_sgb_transfer                   vm_sgb
     000029E0  _vm_load_text                      vm_ui
     00002C36  _vm_switch                         vm
ASxxxx Linker V03.00/V05.40 + sdld,  page 36.
Hexadecimal  [32-Bits]

Area                                    Addr        Size        Decimal Bytes (Attributes)
--------------------------------        ----        ----        ------- ----- ------------
_HOME                               000010BF    00002D53 =       11603. bytes (REL,CON)

      Value  Global                              Global Defined In Module
      -----  --------------------------------   ------------------------
     00002D67  _vm_beginthread                    vm
     00002E8B  _vm_rpn                            vm
     000038A3  _vm_get_far                        vm
     00003911  _vm_call_native                    vm
     00003924  _VM_STEP                           vm
     0000398E  _script_runner_update              vm
     00003AF3  _fill_win_rect                     
     00003B05  _rand                              
     00003B05  _randw                             
     00003B30  _initrand                          
     00003B32  .initrand                          
     00003B3B  _get_bkg_data                      
     00003B3B  _get_win_data                      
     00003B88  _get_sprite_data                   
     00003BBB  _abs                               abs
     00003BC8  _set_win_tiles                     
     00003BDC  _set_tile_data                     
     00003BE1  _set_bkg_data                      
     00003BE1  _set_win_data                      
     00003BE9  _set_sprite_data                   
     00003C19  _reverse                           reverse
     00003C4D  ___call__banked                    far_ptr
     00003C6A  _to_far_ptr                        far_ptr
     00003CA0  .add_LCD                           
     00003CA0  _add_LCD                           
     00003CA6  .remove_LCD                        
     00003CA6  _remove_LCD                        
     00003CAC  .fill_rect_wtt                     
     00003CB5  .fill_rect_btt                     
     00003D02  _fill_bkg_rect                     
     00003D14  .padup                             
     00003D14  _waitpadup                         
     00003D24  .jpad                              
     00003D24  _joypad                            
     00003D4C  _waitpad                           
     00003D4D  .wait_pad                          
     00003D54  ___sdcc_call_hl                    call_hl
     00003D55  _memset                            memset
     00003D88  .set_xy_wtt                        SetTileMap
     00003D91  .set_xy_btt                        SetTileMap
     00003DA0  .set_xy_tt                         SetTileMap
     00003DE4  ___sdcc_bcall_ehl                  
     00003DFE  _set_bkg_tiles                     
ASxxxx Linker V03.00/V05.40 + sdld,  page 37.
Hexadecimal  [32-Bits]

Area                                    Addr        Size        Decimal Bytes (Attributes)
--------------------------------        ----        ----        ------- ----- ------------
_INITIALIZER                        00003E12    00000019 =          25. bytes (REL,CON)

      Value  Global                              Global Defined In Module
      -----  --------------------------------   ------------------------
ASxxxx Linker V03.00/V05.40 + sdld,  page 38.
Hexadecimal  [32-Bits]

Area                                    Addr        Size        Decimal Bytes (Attributes)
--------------------------------        ----        ----        ------- ----- ------------
_GSINIT                             00003E2B    00000027 =          39. bytes (REL,CON)

      Value  Global                              Global Defined In Module
      -----  --------------------------------   ------------------------
     00003E2B  gsinit                             Runtime

ASxxxx Linker V03.00/V05.40 + sdld,  page 39.
Hexadecimal  [32-Bits]

Area                                    Addr        Size        Decimal Bytes (Attributes)
--------------------------------        ----        ----        ------- ----- ------------
_GSFINAL                            00003E52    00000001 =           1. bytes (REL,CON)

      Value  Global                              Global Defined In Module
      -----  --------------------------------   ------------------------
ASxxxx Linker V03.00/V05.40 + sdld,  page 40.
Hexadecimal  [32-Bits]

Area                                    Addr        Size        Decimal Bytes (Attributes)
--------------------------------        ----        ----        ------- ----- ------------
_DATA                               0000C0A0    00001971 =        6513. bytes (REL,CON)

      Value  Global                              Global Defined In Module
      -----  --------------------------------   ------------------------
     0000C0A0  __cpu                              Runtime
     0000C0A1  __is_GBA                           Runtime
     0000C0A2  .mode                              Runtime
     0000C0A3  .sys_time                          Runtime
     0000C0A3  _sys_time                          Runtime
     0000C0A5  .int_0x40                          Runtime
     0000C0B1  _actors                            actor
     0000C4F5  _actors_active_head                actor
     0000C4F7  _actors_active_tail                actor
     0000C4F9  _actors_inactive_head              actor
     0000C4FB  _screen_x                          actor
     0000C4FC  _screen_y                          actor
     0000C4FD  _invalid                           actor
     0000C4FF  _player_moving                     actor
     0000C500  _player_iframes                    actor
     0000C501  _player_collision_actor            actor
     0000C503  _emote_actor                       actor
     0000C505  _emote_timer                       actor
     0000C506  _allocated_sprite_tiles            actor
     0000C507  _allocated_hardware_sprites        actor
     0000C514  _camera_x                          camera
     0000C516  _camera_y                          camera
     0000C518  _camera_offset_x                   camera
     0000C519  _camera_offset_y                   camera
     0000C51A  _camera_deadzone_x                 camera
     0000C51B  _camera_deadzone_y                 camera
     0000C51C  _camera_settings                   camera
     0000C520  _current_scene                     data_manager
     0000C523  _image_bank                        data_manager
     0000C524  _image_ptr                         data_manager
     0000C526  _image_attr_bank                   data_manager
     0000C527  _image_attr_ptr                    data_manager
     0000C529  _collision_bank                    data_manager
     0000C52A  _collision_ptr                     data_manager
     0000C52C  _image_tile_width                  data_manager
     0000C52D  _image_tile_height                 data_manager
     0000C52E  _image_width                       data_manager
     0000C530  _image_height                      data_manager
     0000C532  _sprites_len                       data_manager
     0000C533  _actors_len                        data_manager
     0000C534  _projectiles_len                   data_manager
     0000C535  _player_sprite_len                 data_manager
     0000C536  _scene_type                        data_manager
     0000C537  _scene_LCD_type                    data_manager
     0000C538  _scene_stack                       data_manager
     0000C578  _scene_stack_ptr                   data_manager
     0000C57A  _scene_sprites_base_tiles          data_manager
     0000C5BA  _input_events                      events
     0000C5E2  _input_slots                       events
     0000C5EA  _timer_events                      events
ASxxxx Linker V03.00/V05.40 + sdld,  page 41.
Hexadecimal  [32-Bits]

Area                                    Addr        Size        Decimal Bytes (Attributes)
--------------------------------        ----        ----        ------- ----- ------------
_DATA                               0000C0A0    00001971 =        6513. bytes (REL,CON)

      Value  Global                              Global Defined In Module
      -----  --------------------------------   ------------------------
     0000C5FE  _timer_values                      events
     0000C606  _fade_running                      fade_manager
     0000C607  _fade_frames_per_step              fade_manager
     0000C608  _fade_timer                        fade_manager
     0000C610  _joypads                           input
     0000C615  _frame_joy                         input
     0000C616  _last_joy                          input
     0000C617  _recent_joy                        input
     0000C618  _SIO_status                        
     0000C619  _link_byte_sent                    
     0000C61A  _link_next_mode                    
     0000C61B  _save_blob_size                    load_save
     0000C61D  _routine_queue                     music_manager
     0000C621  _routine_queue_head                music_manager
     0000C622  _routine_queue_tail                music_manager
     0000C623  _music_events                      music_manager
     0000C637  _music_current_track_bank          music_manager
     0000C638  _music_mute_mask                   music_manager
     0000C639  _music_effective_mute              music_manager
     0000C63A  _music_next_track                  music_manager
     0000C63C  _music_current_track               music_manager
     0000C63E  _music_play_isr_counter            music_manager
     0000C63F  _music_play_isr_pause              music_manager
     0000C640  _music_global_mute_mask            music_manager
     0000C641  _music_sfx_priority                music_manager
     0000C642  _DMG_palette                       palette
     0000C645  _SprPalette                        palette
     0000C685  _parallax_rows                     parallax
     0000C697  _parallax_row                      parallax
     0000C699  _projectiles                       projectiles
     0000C752  _projectile_defs                   projectiles
     0000C7C5  _projectiles_active_head           projectiles
     0000C7C7  _projectiles_inactive_head         projectiles
     0000C7CE  _scroll_x                          scroll
     0000C7D0  _scroll_y                          scroll
     0000C7D2  _draw_scroll_x                     scroll
     0000C7D4  _draw_scroll_y                     scroll
     0000C7D6  _scroll_x_max                      scroll
     0000C7D8  _scroll_y_max                      scroll
     0000C7DA  _scroll_offset_x                   scroll
     0000C7DB  _scroll_offset_y                   scroll
     0000C7DC  _pending_h_x                       scroll
     0000C7DD  _pending_h_y                       scroll
     0000C7DE  _pending_h_i                       scroll
     0000C7DF  _pending_w_x                       scroll
     0000C7E0  _pending_w_y                       scroll
     0000C7E1  _pending_w_i                       scroll
     0000C7E2  _current_row                       scroll
     0000C7E4  _new_row                           scroll
     0000C7E6  _current_col                       scroll
     0000C7E8  _new_col                           scroll
ASxxxx Linker V03.00/V05.40 + sdld,  page 42.
Hexadecimal  [32-Bits]

Area                                    Addr        Size        Decimal Bytes (Attributes)
--------------------------------        ----        ----        ------- ----- ------------
_DATA                               0000C0A0    00001971 =        6513. bytes (REL,CON)

      Value  Global                              Global Defined In Module
      -----  --------------------------------   ------------------------
     0000C7EA  .image_tile_width                  
     0000C7EB  _sfx_play_bank                     sfx_player
     0000C7EC  _sfx_play_sample                   sfx_player
     0000C7EE  _sfx_frame_skip                    sfx_player
     0000C7EF  _link_operation_mode               sio
     0000C7F0  _link_packet                       sio
     0000C810  _link_packet_len                   sio
     0000C811  _link_packet_ptr                   sio
     0000C813  _link_packet_received              sio
     0000C814  _link_packet_snd_len               sio
     0000C815  _link_packet_snd_ptr               sio
     0000C817  _link_packet_sent                  sio
     0000C818  __is_CGB                           system
     0000C819  __is_SGB                           system
     0000C81A  __current_ram_bank                 system
     0000C81B  _triggers                          trigger
     0000C913  _last_trigger_tx                   trigger
     0000C914  _last_trigger_ty                   trigger
     0000C915  _last_trigger                      trigger
     0000C916  _win_pos_x                         ui
     0000C917  _win_dest_pos_x                    ui
     0000C918  _win_pos_y                         ui
     0000C919  _win_dest_pos_y                    ui
     0000C91A  _win_speed                         ui
     0000C91B  _text_drawn                        ui
     0000C91C  _current_text_speed                ui
[...]
C:/Users/Carri/AppData/Local/Temp/_gbsbuild/obj/script_3.rel
                                          [ script_3 ]
C:/Users/Carri/AppData/Local/Temp/_gbsbuild/obj/script_4.rel
                                          [ script_4 ]
C:/Users/Carri/AppData/Local/Temp/_gbsbuild/obj/script_5.rel
                                          [ script_5 ]
C:/Users/Carri/AppData/Local/Temp/_gbsbuild/obj/script_7.rel
                                          [ script_7 ]
C:/Users/Carri/AppData/Local/Temp/_gbsbuild/obj/script_engine_init.rel
                                          [  ]
C:/Users/Carri/AppData/Local/Temp/_gbsbuild/obj/script_input_0.rel
                                          [ script_input_0 ]
C:/Users/Carri/AppData/Local/Temp/_gbsbuild/obj/script_input_1.rel
                                          [ script_input_1 ]
C:/Users/Carri/AppData/Local/Temp/_gbsbuild/obj/script_input_10.rel
                                          [ script_input_10 ]
C:/Users/Carri/AppData/Local/Temp/_gbsbuild/obj/script_input_11.rel
                                          [ script_input_11 ]
C:/Users/Carri/AppData/Local/Temp/_gbsbuild/obj/script_input_12.rel
                                          [ script_input_12 ]
C:/Users/Carri/AppData/Local/Temp/_gbsbuild/obj/script_input_13.rel
                                          [ script_input_13 ]
C:/Users/Carri/AppData/Local/Temp/_gbsbuild/obj/script_input_2.rel
                                          [ script_input_2 ]
C:/Users/Carri/AppData/Local/Temp/_gbsbuild/obj/script_input_3.rel
                                          [ script_input_3 ]
C:/Users/Carri/AppData/Local/Temp/_gbsbuild/obj/script_input_4.rel
                                          [ script_input_4 ]
C:/Users/Carri/AppData/Local/Temp/_gbsbuild/obj/script_input_5.rel
                                          [ script_input_5 ]
C:/Users/Carri/AppData/Local/Temp/_gbsbuild/obj/script_input_6.rel
                                          [ script_input_6 ]
C:/Users/Carri/AppData/Local/Temp/_gbsbuild/obj/script_input_7.rel
                                          [ script_input_7 ]
C:/Users/Carri/AppData/Local/Temp/_gbsbuild/obj/script_input_8.rel
                                          [ script_input_8 ]
C:/Users/Carri/AppData/Local/Temp/_gbsbuild/obj/script_input_9.rel
                                          [ script_input_9 ]
C:/Users/Carri/AppData/Local/Temp/_gbsbuild/obj/script_input.rel
                                          [ script_input ]
C:/Users/Carri/AppData/Local/Temp/_gbsbuild/obj/script_timer_0.rel
                                          [ script_timer_0 ]
C:/Users/Carri/AppData/Local/Temp/_gbsbuild/obj/script_timer_1.rel
                                          [ script_timer_1 ]
C:/Users/Carri/AppData/Local/Temp/_gbsbuild/obj/script_timer_2.rel
                                          [ script_timer_2 ]
C:/Users/Carri/AppData/Local/Temp/_gbsbuild/obj/script_timer_3.rel
                                          [ script_timer_3 ]
C:/Users/Carri/AppData/Local/Temp/_gbsbuild/obj/script_timer_4.rel
                                          [ script_timer_4 ]
C:/Users/Carri/AppData/Local/Temp/_gbsbuild/obj/script_timer_6.rel
                                          [ script_timer_6 ]
C:/Users/Carri/AppData/Local/Temp/_gbsbuild/obj/script_timer_7.rel
                                          [ script_timer_7 ]
C:/Users/Carri/AppData/Local/Temp/_gbsbuild/obj/script_timer_8.rel
                                          [ script_timer_8 ]
C:/Users/Carri/AppData/Local/Temp/_gbsbuild/obj/script_timer_9.rel
                                          [ script_timer_9 ]
C:/Users/Carri/AppData/Local/Temp/_gbsbuild/obj/script_timer.rel
                                          [ script_timer ]
C:/Users/Carri/AppData/Local/Temp/_gbsbuild/obj/sound_legacy_0_0.rel
                                          [ sound_legacy_0_0 ]
C:/Users/Carri/AppData/Local/Temp/_gbsbuild/obj/sound_legacy_0_1.rel
                                          [ sound_legacy_0_1 ]
C:/Users/Carri/AppData/Local/Temp/_gbsbuild/obj/sound_legacy_0_10.rel
                                          [ sound_legacy_0_10 ]
C:/Users/Carri/AppData/Local/Temp/_gbsbuild/obj/sound_legacy_0_2.rel
                                          [ sound_legacy_0_2 ]
C:/Users/Carri/AppData/Local/Temp/_gbsbuild/obj/sound_legacy_0_3.rel
                                          [ sound_legacy_0_3 ]
C:/Users/Carri/AppData/Local/Temp/_gbsbuild/obj/sound_legacy_0_4.rel
                                          [ sound_legacy_0_4 ]
C:/Users/Carri/AppData/Local/Temp/_gbsbuild/obj/sound_legacy_0_5.rel
                                          [ sound_legacy_0_5 ]
C:/Users/Carri/AppData/Local/Temp/_gbsbuild/obj/sound_legacy_0_6.rel
                                          [ sound_legacy_0_6 ]
C:/Users/Carri/AppData/Local/Temp/_gbsbuild/obj/sound_legacy_0_7.rel
                                          [ sound_legacy_0_7 ]
C:/Users/Carri/AppData/Local/Temp/_gbsbuild/obj/sound_legacy_0_8.rel
                                          [ sound_legacy_0_8 ]
C:/Users/Carri/AppData/Local/Temp/_gbsbuild/obj/sound_legacy_0_9.rel
                                          [ sound_legacy_0_9 ]
C:/Users/Carri/AppData/Local/Temp/_gbsbuild/obj/sound_legacy_0.rel
                                          [ sound_legacy_0 ]
C:/Users/Carri/AppData/Local/Temp/_gbsbuild/obj/sprite_actor_animated_bank2_tileset.rel
                                          [ sprite_actor_animated_bank2_tile ]
C:/Users/Carri/AppData/Local/Temp/_gbsbuild/obj/sprite_actor_animated_tileset.rel
                                          [ sprite_actor_animated_tileset ]
C:/Users/Carri/AppData/Local/Temp/_gbsbuild/obj/sprite_actor_animated.rel
                                          [ sprite_actor_animated ]
C:/Users/Carri/AppData/Local/Temp/_gbsbuild/obj/sprite_actor_bank2_tileset.rel
                                          [ sprite_actor_bank2_tileset ]
C:/Users/Carri/AppData/Local/Temp/_gbsbuild/obj/sprite_actor_tileset.rel
                                          [ sprite_actor_tileset ]
C:/Users/Carri/AppData/Local/Temp/_gbsbuild/obj/sprite_actor.rel
                                          [ sprite_actor ]
C:/Users/Carri/AppData/Local/Temp/_gbsbuild/obj/sprite_ados_bank2_tileset.rel
                                          [ sprite_ados_bank2_tileset ]
C:/Users/Carri/AppData/Local/Temp/_gbsbuild/obj/sprite_ados_bat_bank2_tileset.rel
                                          [ sprite_ados_bat_bank2_tileset ]
C:/Users/Carri/AppData/Local/Temp/_gbsbuild/obj/sprite_ados_bat_tileset.rel
                                          [ sprite_ados_bat_tileset ]
C:/Users/Carri/AppData/Local/Temp/_gbsbuild/obj/sprite_ados_bat.rel
                                          [ sprite_ados_bat ]
C:/Users/Carri/AppData/Local/Temp/_gbsbuild/obj/sprite_ados_tileset.rel
                                          [ sprite_ados_tileset ]
C:/Users/Carri/AppData/Local/Temp/_gbsbuild/obj/sprite_ados.rel
                                          [ sprite_ados ]
C:/Users/Carri/AppData/Local/Temp/_gbsbuild/obj/sprite_bullet_tileset.rel
                                          [ sprite_bullet_tileset ]
C:/Users/Carri/AppData/Local/Temp/_gbsbuild/obj/sprite_bullet.rel
                                          [ sprite_bullet ]
C:/Users/Carri/AppData/Local/Temp/_gbsbuild/obj/sprite_burger_bank2_tileset.rel
                                          [ sprite_burger_bank2_tileset ]
C:/Users/Carri/AppData/Local/Temp/_gbsbuild/obj/sprite_burger_tileset.rel
                                          [ sprite_burger_tileset ]
C:/Users/Carri/AppData/Local/Temp/_gbsbuild/obj/sprite_burger.rel
                                          [ sprite_burger ]
C:/Users/Carri/AppData/Local/Temp/_gbsbuild/obj/sprite_cards_bank2_tileset.rel
                                          [ sprite_cards_bank2_tileset ]
C:/Users/Carri/AppData/Local/Temp/_gbsbuild/obj/sprite_cards_tileset.rel
                                          [ sprite_cards_tileset ]
C:/Users/Carri/AppData/Local/Temp/_gbsbuild/obj/sprite_cards.rel
                                          [ sprite_cards ]
C:/Users/Carri/AppData/Local/Temp/_gbsbuild/obj/sprite_cow_bank2_tileset.rel
                                          [ sprite_cow_bank2_tileset ]
C:/Users/Carri/AppData/Local/Temp/_gbsbuild/obj/sprite_cow_tileset.rel
                                          [ sprite_cow_tileset ]
C:/Users/Carri/AppData/Local/Temp/_gbsbuild/obj/sprite_cow.rel
                                          [ sprite_cow ]
C:/Users/Carri/AppData/Local/Temp/_gbsbuild/obj/sprite_dpad_bank2_tileset.rel
                                          [ sprite_dpad_bank2_tileset ]
C:/Users/Carri/AppData/Local/Temp/_gbsbuild/obj/sprite_dpad_tileset.rel
                                          [ sprite_dpad_tileset ]
C:/Users/Carri/AppData/Local/Temp/_gbsbuild/obj/sprite_dpad.rel
                                          [ sprite_dpad ]
C:/Users/Carri/AppData/Local/Temp/_gbsbuild/obj/sprite_egg_bank2_tileset.rel
                                          [ sprite_egg_bank2_tileset ]
C:/Users/Carri/AppData/Local/Temp/_gbsbuild/obj/sprite_egg_tileset.rel
                                          [ sprite_egg_tileset ]
C:/Users/Carri/AppData/Local/Temp/_gbsbuild/obj/sprite_egg.rel
                                          [ sprite_egg ]
C:/Users/Carri/AppData/Local/Temp/_gbsbuild/obj/sprite_eye_animated_bank2_tileset.rel
                                          [ sprite_eye_animated_bank2_tilese ]
C:/Users/Carri/AppData/Local/Temp/_gbsbuild/obj/sprite_eye_animated_tileset.rel
                                          [ sprite_eye_animated_tileset ]
C:/Users/Carri/AppData/Local/Temp/_gbsbuild/obj/sprite_eye_animated.rel
                                          [ sprite_eye_animated ]
C:/Users/Carri/AppData/Local/Temp/_gbsbuild/obj/sprite_furniture_small_bank2_tileset.rel
                                          [ sprite_furniture_small_bank2_til ]
C:/Users/Carri/AppData/Local/Temp/_gbsbuild/obj/sprite_furniture_small_tileset.rel
                                          [ sprite_furniture_small_tileset ]
C:/Users/Carri/AppData/Local/Temp/_gbsbuild/obj/sprite_furniture_small.rel
                                          [ sprite_furniture_small ]
C:/Users/Carri/AppData/Local/Temp/_gbsbuild/obj/sprite_hand_bank2_tileset.rel
                                          [ sprite_hand_bank2_tileset ]
C:/Users/Carri/AppData/Local/Temp/_gbsbuild/obj/sprite_hand_tileset.rel
                                          [ sprite_hand_tileset ]
C:/Users/Carri/AppData/Local/Temp/_gbsbuild/obj/sprite_hand.rel
                                          [ sprite_hand ]
C:/Users/Carri/AppData/Local/Temp/_gbsbuild/obj/sprite_inch_export.rel
                                          [ sprite_inch_export ]
C:/Users/Carri/AppData/Local/Temp/_gbsbuild/obj/sprite_inch2.rel
                                          [ sprite_inch2 ]
C:/Users/Carri/AppData/Local/Temp/_gbsbuild/obj/sprite_meter_bank2_tileset.rel
                                          [ sprite_meter_bank2_tileset ]
C:/Users/Carri/AppData/Local/Temp/_gbsbuild/obj/sprite_meter_tileset.rel
                                          [ sprite_meter_tileset ]
C:/Users/Carri/AppData/Local/Temp/_gbsbuild/obj/sprite_meter.rel
                                          [ sprite_meter ]
C:/Users/Carri/AppData/Local/Temp/_gbsbuild/obj/sprite_pop_bank2_tileset.rel
                                          [ sprite_pop_bank2_tileset ]
C:/Users/Carri/AppData/Local/Temp/_gbsbuild/obj/sprite_pop_tileset.rel
                                          [ sprite_pop_tileset ]
C:/Users/Carri/AppData/Local/Temp/_gbsbuild/obj/sprite_pop.rel
                                          [ sprite_pop ]
C:/Users/Carri/AppData/Local/Temp/_gbsbuild/obj/sprite_soda_bank2_tileset.rel
                                          [ sprite_soda_bank2_tileset ]
C:/Users/Carri/AppData/Local/Temp/_gbsbuild/obj/sprite_soda_tileset.rel
                                          [ sprite_soda_tileset ]
C:/Users/Carri/AppData/Local/Temp/_gbsbuild/obj/sprite_soda.rel
                                          [ sprite_soda ]
C:/Users/Carri/AppData/Local/Temp/_gbsbuild/obj/sprite_wolf_bank2_tileset.rel
                                          [ sprite_wolf_bank2_tileset ]
C:/Users/Carri/AppData/Local/Temp/_gbsbuild/obj/sprite_wolf_tileset.rel
                                          [ sprite_wolf_tileset ]
C:/Users/Carri/AppData/Local/Temp/_gbsbuild/obj/sprite_wolf.rel
                                          [ sprite_wolf ]
C:/Users/Carri/AppData/Local/Temp/_gbsbuild/obj/spritesheet_none.rel
                                          [ spritesheet_none ]
C:/Users/Carri/AppData/Local/Temp/_gbsbuild/obj/tileset_default_frame.rel
                                          [ tileset_default_frame ]
C:/Users/Carri/AppData/Local/Temp/_gbsbuild/obj/trigger_1_interact.rel
                                          [ trigger_1_interact ]
C:/Users/Carri/AppData/Local/Temp/_gbsbuild/obj/trigger_20_interact.rel
                                          [ trigger_20_interact ]
C:/Users/Carri/AppData/Local/Temp/_gbsbuild/obj/trigger_21_interact.rel
                                          [ trigger_21_interact ]
C:/Users/Carri/AppData/Local/Temp/_gbsbuild/obj/trigger_22_interact.rel
                                          [ trigger_22_interact ]
C:/Users/Carri/AppData/Local/Temp/_gbsbuild/obj/trigger_23_interact.rel
                                          [ trigger_23_interact ]
C:/Users/Carri/AppData/Local/Temp/_gbsbuild/obj/trigger_24_interact.rel
                                          [ trigger_24_interact ]
C:/Users/Carri/AppData/Local/Temp/_gbsbuild/obj/trigger_25_interact.rel
                                          [ trigger_25_interact ]
C:/Users/Carri/AppData/Local/Temp/_gbsbuild/obj/trigger_26_interact.rel
                                          [ trigger_26_interact ]
C:/Users/Carri/AppData/Local/Temp/_gbsbuild/obj/trigger_27_interact.rel
                                          [ trigger_27_interact ]
C:/Users/Carri/AppData/Local/Temp/_gbsbuild/obj/trigger_28_interact.rel
                                          [ trigger_28_interact ]
C:/Users/Carri/AppData/Local/Temp/_gbsbuild/obj/trigger_29_interact.rel
                                          [ trigger_29_interact ]
C:/Users/Carri/AppData/Local/Temp/_gbsbuild/obj/trigger_30_interact.rel
                                          [ trigger_30_interact ]
C:/Users/Carri/AppData/Local/Temp/_gbsbuild/obj/trigger_31_interact.rel
                                          [ trigger_31_interact ]
C:/Users/Carri/AppData/Local/Temp/_gbsbuild/obj/trigger_32_interact.rel
                                          [ trigger_32_interact ]
C:/Users/Carri/AppData/Local/Temp/_gbsbuild/obj/trigger_4_interact.rel
                                          [ trigger_4_interact ]
C:/Users/Carri/AppData/Local/Temp/_gbsbuild/obj/trigger_5_interact.rel
                                          [ trigger_5_interact ]
C:/Users/Carri/AppData/Local/Temp/_gbsbuild/obj/trigger_6_interact.rel
                                          [ trigger_6_interact ]
C:/Users/Carri/AppData/Local/Temp/_gbsbuild/obj/trigger_7_interact.rel
                                          [ trigger_7_interact ]
C:/Users/Carri/AppData/Local/Temp/_gbsbuild/obj/trigger_8_interact.rel
                                          [ trigger_8_interact ]
C:/Users/Carri/AppData/Local/Temp/_gbsbuild/obj/main.rel
                                          [ main ]
C:/Users/Carri/AppData/Local/Temp/_gbsbuild/obj/logo.rel
                                          [ logo ]
C:/Users/Carri/AppData/Local/Temp/_gbsbuild/obj/pointnclick.rel
                                          [ pointnclick ]
C:/Users/Carri/AppData/Local/Temp/_gbsbuild/obj/states_ptrs.rel
                                          [  ]
C:/Users/Carri/AppData/Local/Temp/_gbsbuild/obj/topdown.rel
                                          [ topdown ]


Libraries Linked                          [ object file ]

C:\Users\Carri\AppData\Local\Temp/_gbstools/gbdk/lib/gb/gb.lib
                                          [ fill_rect_wi.o ]
C:\Users\Carri\AppData\Local\Temp/_gbstools/gbdk/lib/sm83/sm83.lib
                                          [ rand.o ]
lib/hUGEDriver.lib                        [ hUGEDriver.o ]
C:\Users\Carri\AppData\Local\Temp/_gbstools/gbdk/lib/gb/gb.lib
                                          [ sfr.o ]
C:\Users\Carri\AppData\Local\Temp/_gbstools/gbdk/lib/gb/gb.lib
                                          [ get_data.o ]
C:\Users\Carri\AppData\Local\Temp/_gbstools/gbdk/lib/gb/gb.lib
                                          [ get_tile.o ]
C:\Users\Carri\AppData\Local\Temp/_gbstools/gbdk/lib/gb/gb.lib
                                          [ cgb_palettes.o ]
C:\Users\Carri\AppData\Local\Temp/_gbstools/gbdk/lib/gb/gb.lib
                                          [ metasprites_hide_spr.o ]
C:\Users\Carri\AppData\Local\Temp/_gbstools/gbdk/lib/sm83/sm83.lib
                                          [ mul.o ]
C:\Users\Carri\AppData\Local\Temp/_gbstools/gbdk/lib/gb/gb.lib
                                          [ set_tile.o ]
C:\Users\Carri\AppData\Local\Temp/_gbstools/gbdk/lib/sm83/sm83.lib
                                          [ abs.o ]
C:\Users\Carri\AppData\Local\Temp/_gbstools/gbdk/lib/gb/gb.lib
                                          [ set_wi_t.o ]
C:\Users\Carri\AppData\Local\Temp/_gbstools/gbdk/lib/gb/gb.lib
                                          [ set_data.o ]
C:\Users\Carri\AppData\Local\Temp/_gbstools/gbdk/lib/sm83/sm83.lib
                                          [ reverse.o ]
C:\Users\Carri\AppData\Local\Temp/_gbstools/gbdk/lib/gb/gb.lib
                                          [ far_ptr.o ]
C:\Users\Carri\AppData\Local\Temp/_gbstools/gbdk/lib/gb/gb.lib
                                          [ sgb.o ]
C:\Users\Carri\AppData\Local\Temp/_gbstools/gbdk/lib/gb/gb.lib
                                          [ lcd.o ]
C:\Users\Carri\AppData\Local\Temp/_gbstools/gbdk/lib/gb/gb.lib
                                          [ fill_rect.o ]
C:\Users\Carri\AppData\Local\Temp/_gbstools/gbdk/lib/gb/gb.lib
                                          [ cpy_data.o ]
C:\Users\Carri\AppData\Local\Temp/_gbstools/gbdk/lib/gb/gb.lib
                                          [ fill_rect_bk.o ]
C:\Users\Carri\AppData\Local\Temp/_gbstools/gbdk/lib/gb/gb.lib
                                          [ pad.o ]
C:\Users\Carri\AppData\Local\Temp/_gbstools/gbdk/lib/gb/gb.lib
                                          [ metasprites.o ]
C:\Users\Carri\AppData\Local\Temp/_gbstools/gbdk/lib/sm83/sm83.lib
                                          [ __sdcc_call_hl.o ]
C:\Users\Carri\AppData\Local\Temp/_gbstools/gbdk/lib/sm83/sm83.lib
                                          [ memcpy.o ]
C:\Users\Carri\AppData\Local\Temp/_gbstools/gbdk/lib/sm83/sm83.lib
                                          [ _memset.o ]
C:\Users\Carri\AppData\Local\Temp/_gbstools/gbdk/lib/gb/gb.lib
                                          [ set_xy_t.o ]
C:\Users\Carri\AppData\Local\Temp/_gbstools/gbdk/lib/gb/gb.lib
                                          [ ___sdcc_bcall_ehl.o ]
C:\Users\Carri\AppData\Local\Temp/_gbstools/gbdk/lib/gb/gb.lib
                                          [ cgb.o ]
C:\Users\Carri\AppData\Local\Temp/_gbstools/gbdk/lib/sm83/sm83.lib
                                          [ div.o ]
C:\Users\Carri\AppData\Local\Temp/_gbstools/gbdk/lib/gb/gb.lib
                                          [ set_bk_t.o ]

ASxxxx Linker V03.00/V05.40 + sdld,  page 92.

User Base Address Definitions

_DATA=0xC0A0
_CODE=0x0200
ASxxxx Linker V03.00/V05.40 + sdld,  page 93.

User Global Definitions

.STACK=0xDF00
_shadow_OAM=0xC000
.refresh_OAM=0xFF80
__start_save=12

